// Jest Snapshot v1, https://goo.gl/fbAQLP

exports[`ConjugationPageContent component groups conjugations based on type 1`] = `
<RCTScrollView
  data={
    Array [
      "declarative present",
      "declarative future",
    ]
  }
  disableVirtualization={false}
  getItem={[Function]}
  getItemCount={[Function]}
  horizontal={false}
  initialNumToRender={10}
  keyExtractor={[Function]}
  maxToRenderPerBatch={10}
  onContentSizeChange={[Function]}
  onEndReachedThreshold={2}
  onLayout={[Function]}
  onMomentumScrollEnd={[Function]}
  onScroll={[Function]}
  onScrollBeginDrag={[Function]}
  onScrollEndDrag={[Function]}
  removeClippedSubviews={false}
  renderItem={[Function]}
  scrollEventThrottle={1}
  showsVerticalScrollIndicator={false}
  stickyHeaderIndices={Array []}
  updateCellsBatchingPeriod={50}
  viewabilityConfigCallbackPairs={Array []}
  windowSize={21}
>
  <View>
    <View
      onLayout={[Function]}
      style={null}
    >
      <View
        style={
          Object {
            "backgroundColor": "#ffffff",
            "borderRadius": 4,
            "elevation": 5,
            "marginHorizontal": undefined,
            "marginVertical": undefined,
            "shadowColor": "#000000",
            "shadowOffset": Object {
              "height": 4,
              "width": 0,
            },
            "shadowOpacity": 0.24,
            "shadowRadius": 5,
          }
        }
      >
        <View
          accessible={true}
          focusable={false}
          onClick={[Function]}
          onResponderGrant={[Function]}
          onResponderMove={[Function]}
          onResponderRelease={[Function]}
          onResponderTerminate={[Function]}
          onResponderTerminationRequest={[Function]}
          onStartShouldSetResponder={[Function]}
          style={
            Object {
              "flexGrow": 1,
              "flexShrink": 1,
            }
          }
        >
          <View
            style={
              Array [
                Object {
                  "alignItems": "center",
                  "flexDirection": "row",
                  "justifyContent": "space-between",
                  "paddingLeft": 16,
                },
                Object {
                  "minHeight": 50,
                },
                Object {},
              ]
            }
          >
            <View
              style={
                Array [
                  Object {
                    "flex": 1,
                    "flexDirection": "column",
                    "justifyContent": "center",
                  },
                ]
              }
            >
              <Text
                numberOfLines={1}
                style={
                  Array [
                    Object {
                      "color": "#000000",
                      "fontFamily": "System",
                      "fontWeight": "400",
                      "textAlign": "left",
                    },
                    Array [
                      Object {
                        "color": "rgba(0, 0, 0, 0.87)",
                        "fontFamily": "System",
                        "fontWeight": "500",
                        "textAlign": "left",
                        "writingDirection": "ltr",
                      },
                      Array [
                        Object {
                          "fontSize": 20,
                          "letterSpacing": 0.15,
                          "lineHeight": 30,
                          "marginVertical": 2,
                        },
                        Array [
                          Object {
                            "minHeight": 30,
                          },
                          Object {
                            "marginBottom": 2,
                          },
                          Object {
                            "color": "#6200ee",
                            "fontSize": undefined,
                            "textTransform": "capitalize",
                          },
                        ],
                      ],
                      Array [
                        Object {
                          "fontSize": 20,
                          "letterSpacing": 0.15,
                          "lineHeight": 30,
                          "marginVertical": 2,
                        },
                        Array [
                          Object {
                            "minHeight": 30,
                          },
                          Object {
                            "marginBottom": 2,
                          },
                          Object {
                            "color": "#6200ee",
                            "fontSize": undefined,
                            "textTransform": "capitalize",
                          },
                        ],
                      ],
                    ],
                  ]
                }
              >
                declarative present
              </Text>
            </View>
            <View />
          </View>
          <View
            style={
              Array [
                Object {
                  "paddingHorizontal": 16,
                },
                Object {
                  "paddingBottom": 16,
                },
                Object {
                  "paddingHorizontal": 0,
                },
              ]
            }
          >
            <View
              style={
                Object {
                  "flex": 1,
                  "flexDirection": "column",
                  "paddingHorizontal": undefined,
                }
              }
            >
              <View
                accessible={true}
                focusable={true}
                onClick={[Function]}
                onResponderGrant={[Function]}
                onResponderMove={[Function]}
                onResponderRelease={[Function]}
                onResponderTerminate={[Function]}
                onResponderTerminationRequest={[Function]}
                onStartShouldSetResponder={[Function]}
                style={
                  Object {
                    "flex": 1,
                    "flexDirection": "row",
                    "marginBottom": undefined,
                    "opacity": 1,
                  }
                }
              >
                <View
                  onPress={[Function]}
                  style={
                    Object {
                      "flex": 1,
                      "flexDirection": "row",
                      "marginBottom": undefined,
                    }
                  }
                >
                  <View
                    size={5}
                    style={
                      Object {
                        "flex": 5,
                        "flexDirection": "column",
                      }
                    }
                  >
                    <Text
                      style={
                        Array [
                          Object {
                            "color": "#000000",
                            "fontFamily": "System",
                            "fontWeight": "400",
                            "textAlign": "left",
                          },
                          Object {
                            "fontSize": undefined,
                          },
                        ]
                      }
                    >
                      informal low
                    </Text>
                  </View>
                  <View
                    style={
                      Object {
                        "flex": 1,
                        "flexDirection": "column",
                      }
                    }
                  >
                    <Text
                      style={
                        Array [
                          Object {
                            "color": "#000000",
                            "fontFamily": "System",
                            "fontWeight": "400",
                            "textAlign": "left",
                          },
                          Object {
                            "fontSize": undefined,
                            "textAlign": "center",
                          },
                        ]
                      }
                    >
                      :
                    </Text>
                  </View>
                  <View
                    size={5}
                    style={
                      Object {
                        "flex": 5,
                        "flexDirection": "column",
                      }
                    }
                  >
                    <Text
                      style={
                        Array [
                          Object {
                            "color": "#000000",
                            "fontFamily": "System",
                            "fontWeight": "400",
                            "textAlign": "left",
                          },
                          Object {
                            "fontSize": undefined,
                          },
                        ]
                      }
                    >
                      conj 1
                    </Text>
                  </View>
                </View>
              </View>
              <View
                accessible={true}
                focusable={true}
                onClick={[Function]}
                onResponderGrant={[Function]}
                onResponderMove={[Function]}
                onResponderRelease={[Function]}
                onResponderTerminate={[Function]}
                onResponderTerminationRequest={[Function]}
                onStartShouldSetResponder={[Function]}
                style={
                  Object {
                    "flex": 1,
                    "flexDirection": "row",
                    "marginBottom": undefined,
                    "opacity": 1,
                  }
                }
              >
                <View
                  onPress={[Function]}
                  style={
                    Object {
                      "flex": 1,
                      "flexDirection": "row",
                      "marginBottom": undefined,
                    }
                  }
                >
                  <View
                    size={5}
                    style={
                      Object {
                        "flex": 5,
                        "flexDirection": "column",
                      }
                    }
                  >
                    <Text
                      style={
                        Array [
                          Object {
                            "color": "#000000",
                            "fontFamily": "System",
                            "fontWeight": "400",
                            "textAlign": "left",
                          },
                          Object {
                            "fontSize": undefined,
                          },
                        ]
                      }
                    >
                      informal high
                    </Text>
                  </View>
                  <View
                    style={
                      Object {
                        "flex": 1,
                        "flexDirection": "column",
                      }
                    }
                  >
                    <Text
                      style={
                        Array [
                          Object {
                            "color": "#000000",
                            "fontFamily": "System",
                            "fontWeight": "400",
                            "textAlign": "left",
                          },
                          Object {
                            "fontSize": undefined,
                            "textAlign": "center",
                          },
                        ]
                      }
                    >
                      :
                    </Text>
                  </View>
                  <View
                    size={5}
                    style={
                      Object {
                        "flex": 5,
                        "flexDirection": "column",
                      }
                    }
                  >
                    <Text
                      style={
                        Array [
                          Object {
                            "color": "#000000",
                            "fontFamily": "System",
                            "fontWeight": "400",
                            "textAlign": "left",
                          },
                          Object {
                            "fontSize": undefined,
                          },
                        ]
                      }
                    >
                      conj 2
                    </Text>
                  </View>
                </View>
              </View>
              <View
                accessible={true}
                focusable={true}
                onClick={[Function]}
                onResponderGrant={[Function]}
                onResponderMove={[Function]}
                onResponderRelease={[Function]}
                onResponderTerminate={[Function]}
                onResponderTerminationRequest={[Function]}
                onStartShouldSetResponder={[Function]}
                style={
                  Object {
                    "flex": 1,
                    "flexDirection": "row",
                    "marginBottom": undefined,
                    "opacity": 1,
                  }
                }
              >
                <View
                  onPress={[Function]}
                  style={
                    Object {
                      "flex": 1,
                      "flexDirection": "row",
                      "marginBottom": undefined,
                    }
                  }
                >
                  <View
                    size={5}
                    style={
                      Object {
                        "flex": 5,
                        "flexDirection": "column",
                      }
                    }
                  >
                    <Text
                      style={
                        Array [
                          Object {
                            "color": "#000000",
                            "fontFamily": "System",
                            "fontWeight": "400",
                            "textAlign": "left",
                          },
                          Object {
                            "fontSize": undefined,
                          },
                        ]
                      }
                    >
                      formal low
                    </Text>
                  </View>
                  <View
                    style={
                      Object {
                        "flex": 1,
                        "flexDirection": "column",
                      }
                    }
                  >
                    <Text
                      style={
                        Array [
                          Object {
                            "color": "#000000",
                            "fontFamily": "System",
                            "fontWeight": "400",
                            "textAlign": "left",
                          },
                          Object {
                            "fontSize": undefined,
                            "textAlign": "center",
                          },
                        ]
                      }
                    >
                      :
                    </Text>
                  </View>
                  <View
                    size={5}
                    style={
                      Object {
                        "flex": 5,
                        "flexDirection": "column",
                      }
                    }
                  >
                    <Text
                      style={
                        Array [
                          Object {
                            "color": "#000000",
                            "fontFamily": "System",
                            "fontWeight": "400",
                            "textAlign": "left",
                          },
                          Object {
                            "fontSize": undefined,
                          },
                        ]
                      }
                    >
                      conj 3
                    </Text>
                  </View>
                </View>
              </View>
            </View>
          </View>
        </View>
      </View>
    </View>
    <View
      onLayout={[Function]}
      style={null}
    >
      <View
        style={
          Object {
            "backgroundColor": "#ffffff",
            "borderRadius": 4,
            "elevation": 5,
            "marginHorizontal": undefined,
            "marginVertical": undefined,
            "shadowColor": "#000000",
            "shadowOffset": Object {
              "height": 4,
              "width": 0,
            },
            "shadowOpacity": 0.24,
            "shadowRadius": 5,
          }
        }
      >
        <View
          accessible={true}
          focusable={false}
          onClick={[Function]}
          onResponderGrant={[Function]}
          onResponderMove={[Function]}
          onResponderRelease={[Function]}
          onResponderTerminate={[Function]}
          onResponderTerminationRequest={[Function]}
          onStartShouldSetResponder={[Function]}
          style={
            Object {
              "flexGrow": 1,
              "flexShrink": 1,
            }
          }
        >
          <View
            style={
              Array [
                Object {
                  "alignItems": "center",
                  "flexDirection": "row",
                  "justifyContent": "space-between",
                  "paddingLeft": 16,
                },
                Object {
                  "minHeight": 50,
                },
                Object {},
              ]
            }
          >
            <View
              style={
                Array [
                  Object {
                    "flex": 1,
                    "flexDirection": "column",
                    "justifyContent": "center",
                  },
                ]
              }
            >
              <Text
                numberOfLines={1}
                style={
                  Array [
                    Object {
                      "color": "#000000",
                      "fontFamily": "System",
                      "fontWeight": "400",
                      "textAlign": "left",
                    },
                    Array [
                      Object {
                        "color": "rgba(0, 0, 0, 0.87)",
                        "fontFamily": "System",
                        "fontWeight": "500",
                        "textAlign": "left",
                        "writingDirection": "ltr",
                      },
                      Array [
                        Object {
                          "fontSize": 20,
                          "letterSpacing": 0.15,
                          "lineHeight": 30,
                          "marginVertical": 2,
                        },
                        Array [
                          Object {
                            "minHeight": 30,
                          },
                          Object {
                            "marginBottom": 2,
                          },
                          Object {
                            "color": "#6200ee",
                            "fontSize": undefined,
                            "textTransform": "capitalize",
                          },
                        ],
                      ],
                      Array [
                        Object {
                          "fontSize": 20,
                          "letterSpacing": 0.15,
                          "lineHeight": 30,
                          "marginVertical": 2,
                        },
                        Array [
                          Object {
                            "minHeight": 30,
                          },
                          Object {
                            "marginBottom": 2,
                          },
                          Object {
                            "color": "#6200ee",
                            "fontSize": undefined,
                            "textTransform": "capitalize",
                          },
                        ],
                      ],
                    ],
                  ]
                }
              >
                declarative future
              </Text>
            </View>
            <View />
          </View>
          <View
            style={
              Array [
                Object {
                  "paddingHorizontal": 16,
                },
                Object {
                  "paddingBottom": 16,
                },
                Object {
                  "paddingHorizontal": 0,
                },
              ]
            }
          >
            <View
              style={
                Object {
                  "flex": 1,
                  "flexDirection": "column",
                  "paddingHorizontal": undefined,
                }
              }
            >
              <View
                accessible={true}
                focusable={true}
                onClick={[Function]}
                onResponderGrant={[Function]}
                onResponderMove={[Function]}
                onResponderRelease={[Function]}
                onResponderTerminate={[Function]}
                onResponderTerminationRequest={[Function]}
                onStartShouldSetResponder={[Function]}
                style={
                  Object {
                    "flex": 1,
                    "flexDirection": "row",
                    "marginBottom": undefined,
                    "opacity": 1,
                  }
                }
              >
                <View
                  onPress={[Function]}
                  style={
                    Object {
                      "flex": 1,
                      "flexDirection": "row",
                      "marginBottom": undefined,
                    }
                  }
                >
                  <View
                    size={5}
                    style={
                      Object {
                        "flex": 5,
                        "flexDirection": "column",
                      }
                    }
                  >
                    <Text
                      style={
                        Array [
                          Object {
                            "color": "#000000",
                            "fontFamily": "System",
                            "fontWeight": "400",
                            "textAlign": "left",
                          },
                          Object {
                            "fontSize": undefined,
                          },
                        ]
                      }
                    >
                      informal low
                    </Text>
                  </View>
                  <View
                    style={
                      Object {
                        "flex": 1,
                        "flexDirection": "column",
                      }
                    }
                  >
                    <Text
                      style={
                        Array [
                          Object {
                            "color": "#000000",
                            "fontFamily": "System",
                            "fontWeight": "400",
                            "textAlign": "left",
                          },
                          Object {
                            "fontSize": undefined,
                            "textAlign": "center",
                          },
                        ]
                      }
                    >
                      :
                    </Text>
                  </View>
                  <View
                    size={5}
                    style={
                      Object {
                        "flex": 5,
                        "flexDirection": "column",
                      }
                    }
                  >
                    <Text
                      style={
                        Array [
                          Object {
                            "color": "#000000",
                            "fontFamily": "System",
                            "fontWeight": "400",
                            "textAlign": "left",
                          },
                          Object {
                            "fontSize": undefined,
                          },
                        ]
                      }
                    >
                      conj 3
                    </Text>
                  </View>
                </View>
              </View>
              <View
                accessible={true}
                focusable={true}
                onClick={[Function]}
                onResponderGrant={[Function]}
                onResponderMove={[Function]}
                onResponderRelease={[Function]}
                onResponderTerminate={[Function]}
                onResponderTerminationRequest={[Function]}
                onStartShouldSetResponder={[Function]}
                style={
                  Object {
                    "flex": 1,
                    "flexDirection": "row",
                    "marginBottom": undefined,
                    "opacity": 1,
                  }
                }
              >
                <View
                  onPress={[Function]}
                  style={
                    Object {
                      "flex": 1,
                      "flexDirection": "row",
                      "marginBottom": undefined,
                    }
                  }
                >
                  <View
                    size={5}
                    style={
                      Object {
                        "flex": 5,
                        "flexDirection": "column",
                      }
                    }
                  >
                    <Text
                      style={
                        Array [
                          Object {
                            "color": "#000000",
                            "fontFamily": "System",
                            "fontWeight": "400",
                            "textAlign": "left",
                          },
                          Object {
                            "fontSize": undefined,
                          },
                        ]
                      }
                    >
                      informal high
                    </Text>
                  </View>
                  <View
                    style={
                      Object {
                        "flex": 1,
                        "flexDirection": "column",
                      }
                    }
                  >
                    <Text
                      style={
                        Array [
                          Object {
                            "color": "#000000",
                            "fontFamily": "System",
                            "fontWeight": "400",
                            "textAlign": "left",
                          },
                          Object {
                            "fontSize": undefined,
                            "textAlign": "center",
                          },
                        ]
                      }
                    >
                      :
                    </Text>
                  </View>
                  <View
                    size={5}
                    style={
                      Object {
                        "flex": 5,
                        "flexDirection": "column",
                      }
                    }
                  >
                    <Text
                      style={
                        Array [
                          Object {
                            "color": "#000000",
                            "fontFamily": "System",
                            "fontWeight": "400",
                            "textAlign": "left",
                          },
                          Object {
                            "fontSize": undefined,
                          },
                        ]
                      }
                    >
                      conj 4
                    </Text>
                  </View>
                </View>
              </View>
              <View
                accessible={true}
                focusable={true}
                onClick={[Function]}
                onResponderGrant={[Function]}
                onResponderMove={[Function]}
                onResponderRelease={[Function]}
                onResponderTerminate={[Function]}
                onResponderTerminationRequest={[Function]}
                onStartShouldSetResponder={[Function]}
                style={
                  Object {
                    "flex": 1,
                    "flexDirection": "row",
                    "marginBottom": undefined,
                    "opacity": 1,
                  }
                }
              >
                <View
                  onPress={[Function]}
                  style={
                    Object {
                      "flex": 1,
                      "flexDirection": "row",
                      "marginBottom": undefined,
                    }
                  }
                >
                  <View
                    size={5}
                    style={
                      Object {
                        "flex": 5,
                        "flexDirection": "column",
                      }
                    }
                  >
                    <Text
                      style={
                        Array [
                          Object {
                            "color": "#000000",
                            "fontFamily": "System",
                            "fontWeight": "400",
                            "textAlign": "left",
                          },
                          Object {
                            "fontSize": undefined,
                          },
                        ]
                      }
                    >
                      formal low
                    </Text>
                  </View>
                  <View
                    style={
                      Object {
                        "flex": 1,
                        "flexDirection": "column",
                      }
                    }
                  >
                    <Text
                      style={
                        Array [
                          Object {
                            "color": "#000000",
                            "fontFamily": "System",
                            "fontWeight": "400",
                            "textAlign": "left",
                          },
                          Object {
                            "fontSize": undefined,
                            "textAlign": "center",
                          },
                        ]
                      }
                    >
                      :
                    </Text>
                  </View>
                  <View
                    size={5}
                    style={
                      Object {
                        "flex": 5,
                        "flexDirection": "column",
                      }
                    }
                  >
                    <Text
                      style={
                        Array [
                          Object {
                            "color": "#000000",
                            "fontFamily": "System",
                            "fontWeight": "400",
                            "textAlign": "left",
                          },
                          Object {
                            "fontSize": undefined,
                          },
                        ]
                      }
                    >
                      conj 5
                    </Text>
                  </View>
                </View>
              </View>
            </View>
          </View>
        </View>
      </View>
    </View>
  </View>
</RCTScrollView>
`;
